###############################################################################
#
# IAR ELF Linker V8.50.6.265/W32 for ARM                  06/Dec/2020  03:35:36
# Copyright 2007-2020 IAR Systems AB.
#
#    Output file  =
#        C:\Users\modwe\Documents\vorago\iar_stuff\FlashVA416X0_SPI_FRAM\FlashVA416X0_SPI_FRAM\Exe\FlashVA416X0_SPI_FRAM.out
#    Map file     =
#        C:\Users\modwe\Documents\vorago\iar_stuff\FlashVA416X0_SPI_FRAM\FlashVA416X0_SPI_FRAM\List\FlashVA416X0_SPI_FRAM.map
#    Command line =
#        -f C:\Users\modwe\AppData\Local\Temp\EW6239.tmp
#        (C:\Users\modwe\Documents\vorago\iar_stuff\FlashVA416X0_SPI_FRAM\FlashVA416X0_SPI_FRAM\Obj\flash_loader.o
#        C:\Users\modwe\Documents\vorago\iar_stuff\FlashVA416X0_SPI_FRAM\FlashVA416X0_SPI_FRAM\Obj\flash_loader_asm.o
#        C:\Users\modwe\Documents\vorago\iar_stuff\FlashVA416X0_SPI_FRAM\FlashVA416X0_SPI_FRAM\Obj\FlashVA416X0.o
#        C:\Users\modwe\Documents\vorago\iar_stuff\FlashVA416X0_SPI_FRAM\FlashVA416X0_SPI_FRAM\Obj\FlashVA416X0_SPI_FRAM.o
#        --redirect _Printf=_PrintfTiny --no_out_extension -o
#        C:\Users\modwe\Documents\vorago\iar_stuff\FlashVA416X0_SPI_FRAM\FlashVA416X0_SPI_FRAM\Exe\FlashVA416X0_SPI_FRAM.out
#        --map
#        C:\Users\modwe\Documents\vorago\iar_stuff\FlashVA416X0_SPI_FRAM\FlashVA416X0_SPI_FRAM\List\FlashVA416X0_SPI_FRAM.map
#        --config
#        C:\Users\modwe\Documents\vorago\iar_stuff\FlashVA416X0_SPI_FRAM\FlashVA416X0.icf
#        --entry FlashInitEntry --vfe --text_out locale)
#
###############################################################################

*******************************************************************************
*** RUNTIME MODEL ATTRIBUTES
***

__SystemLibrary = DLib
__dlib_version  = 6


*******************************************************************************
*** HEAP SELECTION
***

The basic heap was selected because some modules are built with
size limitations (and not runtime checking), and --advanced_heap
was not specified.


*******************************************************************************
*** PLACEMENT SUMMARY
***

"A0":  place at address 0x0 { ro section .intvec_vorago };
define block RamTop with fixed order { ro, section LOWEND };
"A1":  place at start of [from 0x1fff'8000 to 0x1fff'ffff] { block RamTop };
define block CSTACK with size = 256, alignment = 8 { };
define block HEAP with size = 0, alignment = 8 { };
define block RamBottom
   with fixed order { section HIGHSTART, rw, block CSTACK, block HEAP };
"A2":  place at end of [from 0x1fff'8000 to 0x1fff'ffff] { block RamBottom };

  Section         Kind         Address   Size  Object
  -------         ----         -------   ----  ------
"A0":                                    0x40
  .intvec_vorago  ro code          0x0   0x40  FlashVA416X0.o [1]
                                - 0x40   0x40

"A1":                                   0x700
  RamTop                   0x1fff'8000  0x700  <Block>
    .text         ro code  0x1fff'8000    0x4  FlashVA416X0.o [1]
    .text         ro code  0x1fff'8020    0x4  FlashVA416X0.o [1]
    .intvec       ro code  0x1fff'8024   0x20  flash_loader_asm.o [1]
    .text         ro code  0x1fff'8044   0x92  flash_loader.o [1]
    .rodata       const    0x1fff'80d6    0x2  flash_loader.o [1]
    .text         ro code  0x1fff'80d8  0x4d8  FlashVA416X0_SPI_FRAM.o [1]
    .text         ro code  0x1fff'85b0   0x12  strcmp.o [3]
    .text         ro code  0x1fff'85c4   0x28  flash_loader_asm.o [1]
    .text         ro code  0x1fff'85ec    0xa  FlashVA416X0.o [1]
    .text         ro code  0x1fff'85f8   0x22  fpinit_M.o [2]
    LOWEND        rw data  0x1fff'8700    0x0  flash_loader_asm.o [1]
                         - 0x1fff'8700  0x700

"A2":                                   0x178
  RamBottom                0x1fff'fe88  0x178  <Block>
    HIGHSTART     rw data  0x1fff'fe88    0x0  flash_loader_asm.o [1]
    .noinit       uninit   0x1fff'fe88   0x2c  flash_loader.o [1]
    .noinit       uninit   0x1fff'feb4   0x40  flash_loader.o [1]
    .noinit       uninit   0x1fff'fef4    0x4  FlashVA416X0_SPI_FRAM.o [1]
    .noinit       uninit   0x1fff'fef8    0x8  FlashVA416X0_SPI_FRAM.o [1]
    CSTACK                 0x1fff'ff00  0x100  <Block>
      CSTACK      uninit   0x1fff'ff00  0x100  <Block tail>
                         - 0x2000'0000  0x178

Unused ranges:

  From  To  Size
  ----  --  ----



*******************************************************************************
*** MODULE SUMMARY
***

    Module                   ro code  ro data  rw data
    ------                   -------  -------  -------
command line/config:
    --------------------------------------------------
    Total:

C:\Users\modwe\Documents\vorago\iar_stuff\FlashVA416X0_SPI_FRAM\FlashVA416X0_SPI_FRAM\Obj: [1]
    FlashVA416X0.o                82
    FlashVA416X0_SPI_FRAM.o    1'240                12
    flash_loader.o               146        2      108
    flash_loader_asm.o            72
    --------------------------------------------------
    Total:                     1'540        2      120

m7M_tls.a: [2]
    fpinit_M.o                    34
    --------------------------------------------------
    Total:                        34

rt7M_tl.a: [3]
    strcmp.o                      18
    --------------------------------------------------
    Total:                        18

    Gaps                          32               230
    Linker created                                 256
------------------------------------------------------
    Grand Total:               1'624        2      606


*******************************************************************************
*** ENTRY LIST
***

Entry                       Address  Size  Type      Object
-----                       -------  ----  ----      ------
CSTACK$$Base            0x1fff'ff00         --   Gb  - Linker created -
CSTACK$$Limit           0x2000'0000         --   Gb  - Linker created -
Fl2FlashChecksumEntry   0x1fff'80b3  0x10  Code  Gb  flash_loader.o [1]
Fl2FlashEraseWriteEntry
                        0x1fff'806f  0x38  Code  Gb  flash_loader.o [1]
Fl2FlashInitEntry       0x1fff'8045  0x1e  Code  Gb  flash_loader.o [1]
Fl2FlashSignoffEntry    0x1fff'80c3   0xc  Code  Gb  flash_loader.o [1]
Fl2FlashWriteEntry      0x1fff'8063   0xc  Code  Gb  flash_loader.o [1]
FlashBreak              0x1fff'80d5   0x2  Code  Gb  flash_loader.o [1]
FlashBufferEnd          0x1fff'fe88        Data  Gb  flash_loader_asm.o [1]
FlashBufferStart        0x1fff'8700        Data  Gb  flash_loader_asm.o [1]
FlashChecksum           0x1fff'8205  0xce  Code  Gb  FlashVA416X0_SPI_FRAM.o [1]
FlashChecksumEntry      0x1fff'85dd        Code  Gb  flash_loader_asm.o [1]
FlashErase              0x1fff'81eb  0x1a  Code  Gb  FlashVA416X0_SPI_FRAM.o [1]
FlashEraseWriteEntry    0x1fff'85d5        Code  Gb  flash_loader_asm.o [1]
FlashInit               0x1fff'80e7  0xd4  Code  Gb  FlashVA416X0_SPI_FRAM.o [1]
FlashInitEntry          0x1fff'85c5        Code  Gb  flash_loader_asm.o [1]
FlashSignoff            0x1fff'82d3  0x2c  Code  Gb  FlashVA416X0_SPI_FRAM.o [1]
FlashSignoffEntry       0x1fff'85e5        Code  Gb  flash_loader_asm.o [1]
FlashWrite              0x1fff'81bb  0x30  Code  Gb  FlashVA416X0_SPI_FRAM.o [1]
FlashWriteEntry         0x1fff'85cd        Code  Gb  flash_loader_asm.o [1]
READ_MEM                0x1fff'8021        Code  Wk  FlashVA416X0.o [1]
RamBottom$$Base         0x1fff'fe88         --   Gb  - Linker created -
RamBottom$$Limit        0x2000'0000         --   Gb  - Linker created -
RamTop$$Base            0x1fff'8000         --   Gb  - Linker created -
RamTop$$Limit           0x1fff'8700         --   Gb  - Linker created -
SPI_PollStatusReg       0x1fff'8467  0xb2  Code  Lc  FlashVA416X0_SPI_FRAM.o [1]
SPI_WaitIdle            0x1fff'852f  0x34  Code  Lc  FlashVA416X0_SPI_FRAM.o [1]
SPI_WritePage           0x1fff'8363  0xaa  Code  Lc  FlashVA416X0_SPI_FRAM.o [1]
SPI_WriteStatusReg      0x1fff'8413  0x4a  Code  Lc  FlashVA416X0_SPI_FRAM.o [1]
WRITE_MEM               0x1fff'8001        Code  Wk  FlashVA416X0.o [1]
WaitToSet               0x1fff'833f  0x24  Code  Lc  FlashVA416X0_SPI_FRAM.o [1]
__HardFault_Handler     0x1fff'80d9   0xe  Code  Gb  FlashVA416X0_SPI_FRAM.o [1]
__argc                  0x1fff'fe9c   0x4  Data  Gb  flash_loader.o [1]
__argv                  0x1fff'fea0  0x14  Data  Gb  flash_loader.o [1]
__argvbuf               0x1fff'feb4  0x40  Data  Gb  flash_loader.o [1]
__iar_init_vfp          0x1fff'85f9        Code  Gb  fpinit_M.o [2]
__vector_table          0x1fff'8024        Data  Gb  flash_loader_asm.o [1]
__vector_table_vorago           0x0        Data  Gb  FlashVA416X0.o [1]
chip_erase              0x1fff'fefc   0x4  Data  Gb  FlashVA416X0_SPI_FRAM.o [1]
ee_sr_bp                0x1fff'fef8   0x1  Data  Gb  FlashVA416X0_SPI_FRAM.o [1]
ee_sr_srwd              0x1fff'fef9   0x1  Data  Gb  FlashVA416X0_SPI_FRAM.o [1]
findOption              0x1fff'82ff  0x40  Code  Lc  FlashVA416X0_SPI_FRAM.o [1]
frameworkVersion        0x1fff'80d6   0x2  Data  Gb  flash_loader.o [1]
hardfault               0x1fff'fef4   0x4  Data  Gb  FlashVA416X0_SPI_FRAM.o [1]
strcmp                  0x1fff'85b1        Code  Gb  strcmp.o [3]
theFlashParams          0x1fff'fe88  0x14  Data  Gb  flash_loader.o [1]


[1] = C:\Users\modwe\Documents\vorago\iar_stuff\FlashVA416X0_SPI_FRAM\FlashVA416X0_SPI_FRAM\Obj
[2] = m7M_tls.a
[3] = rt7M_tl.a

  1'624 bytes of readonly  code memory
      2 bytes of readonly  data memory
    606 bytes of readwrite data memory

Errors: none
Warnings: none
