###############################################################################
#
# IAR ELF Linker V8.50.6.265/W32 for ARM                  05/Dec/2020  19:05:37
# Copyright 2007-2020 IAR Systems AB.
#
#    Output file  =
#        C:\Users\modwe\Documents\vorago\iar_stuff\FlashVA416X0_EBI_FRAM\FlashVA416X0_EBI_FRAM\Exe\FlashVA416X0_EBI_FRAM.out
#    Map file     =
#        C:\Users\modwe\Documents\vorago\iar_stuff\FlashVA416X0_EBI_FRAM\FlashVA416X0_EBI_FRAM\List\FlashVA416X0_EBI_FRAM.map
#    Command line =
#        -f C:\Users\modwe\AppData\Local\Temp\EW7A0E.tmp
#        (C:\Users\modwe\Documents\vorago\iar_stuff\FlashVA416X0_EBI_FRAM\FlashVA416X0_EBI_FRAM\Obj\flash_loader.o
#        C:\Users\modwe\Documents\vorago\iar_stuff\FlashVA416X0_EBI_FRAM\FlashVA416X0_EBI_FRAM\Obj\flash_loader_asm.o
#        C:\Users\modwe\Documents\vorago\iar_stuff\FlashVA416X0_EBI_FRAM\FlashVA416X0_EBI_FRAM\Obj\FlashVA416X0.o
#        C:\Users\modwe\Documents\vorago\iar_stuff\FlashVA416X0_EBI_FRAM\FlashVA416X0_EBI_FRAM\Obj\FlashVA416X0_EBI_FRAM.o
#        --redirect _Printf=_PrintfTiny --no_out_extension -o
#        C:\Users\modwe\Documents\vorago\iar_stuff\FlashVA416X0_EBI_FRAM\FlashVA416X0_EBI_FRAM\Exe\FlashVA416X0_EBI_FRAM.out
#        --map
#        C:\Users\modwe\Documents\vorago\iar_stuff\FlashVA416X0_EBI_FRAM\FlashVA416X0_EBI_FRAM\List\FlashVA416X0_EBI_FRAM.map
#        --config
#        C:\Users\modwe\Documents\vorago\iar_stuff\FlashVA416X0_EBI_FRAM\FlashVA416X0.icf
#        --entry FlashInitEntry --vfe --text_out locale)
#
###############################################################################

*******************************************************************************
*** RUNTIME MODEL ATTRIBUTES
***

__SystemLibrary = DLib
__dlib_version  = 6


*******************************************************************************
*** HEAP SELECTION
***

The basic heap was selected because some modules are built with
size limitations (and not runtime checking), and --advanced_heap
was not specified.


*******************************************************************************
*** PLACEMENT SUMMARY
***

"A0":  place at address 0x0 { ro section .intvec_vorago };
define block RamTop with fixed order { ro, section LOWEND };
"A1":  place at start of [from 0x1fff'8000 to 0x1fff'ffff] { block RamTop };
define block CSTACK with size = 256, alignment = 8 { };
define block HEAP with size = 0, alignment = 8 { };
define block RamBottom
   with fixed order { section HIGHSTART, rw, block CSTACK, block HEAP };
"A2":  place at end of [from 0x1fff'8000 to 0x1fff'ffff] { block RamBottom };

  Section         Kind         Address   Size  Object
  -------         ----         -------   ----  ------
"A0":                                    0x40
  .intvec_vorago  ro code          0x0   0x40  FlashVA416X0.o [1]
                                - 0x40   0x40

"A1":                                   0x500
  RamTop                   0x1fff'8000  0x500  <Block>
    .text         ro code  0x1fff'8000    0x4  FlashVA416X0.o [1]
    .text         ro code  0x1fff'8020    0x4  FlashVA416X0.o [1]
    .intvec       ro code  0x1fff'8024   0x20  flash_loader_asm.o [1]
    .text         ro code  0x1fff'8044   0xe0  flash_loader.o [1]
    .text         ro code  0x1fff'8124  0x224  FlashVA416X0_EBI_FRAM.o [1]
    .text         ro code  0x1fff'8348   0x14  memset.o [3]
    .text         ro code  0x1fff'835c   0x66  ABImemset.o [3]
    .rodata       const    0x1fff'83c2    0x2  flash_loader.o [1]
    .text         ro code  0x1fff'83c4   0x28  flash_loader_asm.o [1]
    .text         ro code  0x1fff'83ec    0xa  FlashVA416X0.o [1]
    .text         ro code  0x1fff'83f8   0x22  fpinit_M.o [2]
    LOWEND        rw data  0x1fff'8500    0x0  flash_loader_asm.o [1]
                         - 0x1fff'8500  0x500

"A2":                                   0x11c
  RamBottom                0x1fff'fee4  0x11c  <Block>
    HIGHSTART     rw data  0x1fff'fee4    0x0  flash_loader_asm.o [1]
    .noinit       uninit   0x1fff'fee4   0x14  flash_loader.o [1]
    .noinit       uninit   0x1fff'fef8    0x4  FlashVA416X0_EBI_FRAM.o [1]
    .noinit       uninit   0x1fff'fefc    0x4  FlashVA416X0_EBI_FRAM.o [1]
    CSTACK                 0x1fff'ff00  0x100  <Block>
      CSTACK      uninit   0x1fff'ff00  0x100  <Block tail>
                         - 0x2000'0000  0x11c

Unused ranges:

  From  To  Size
  ----  --  ----



*******************************************************************************
*** MODULE SUMMARY
***

    Module                   ro code  ro data  rw data
    ------                   -------  -------  -------
command line/config:
    --------------------------------------------------
    Total:

C:\Users\modwe\Documents\vorago\iar_stuff\FlashVA416X0_EBI_FRAM\FlashVA416X0_EBI_FRAM\Obj: [1]
    FlashVA416X0.o                82
    FlashVA416X0_EBI_FRAM.o      548                 8
    flash_loader.o               224        2       20
    flash_loader_asm.o            72
    --------------------------------------------------
    Total:                       926        2       28

m7M_tls.a: [2]
    fpinit_M.o                    34
    --------------------------------------------------
    Total:                        34

rt7M_tl.a: [3]
    ABImemset.o                  102
    memset.o                      20
    --------------------------------------------------
    Total:                       122

    Gaps                          30               230
    Linker created                                 256
------------------------------------------------------
    Grand Total:               1'112        2      514


*******************************************************************************
*** ENTRY LIST
***

Entry                       Address  Size  Type      Object
-----                       -------  ----  ----      ------
CSTACK$$Base            0x1fff'ff00         --   Gb  - Linker created -
CSTACK$$Limit           0x2000'0000         --   Gb  - Linker created -
Crc16                   0x1fff'80c9  0x26  Code  Gb  flash_loader.o [1]
Crc16_helper            0x1fff'80ef  0x34  Code  Gb  flash_loader.o [1]
EBI_Write               0x1fff'829b  0x7e  Code  Lc  FlashVA416X0_EBI_FRAM.o [1]
Fl2FlashChecksumEntry   0x1fff'80a9  0x10  Code  Gb  flash_loader.o [1]
Fl2FlashEraseWriteEntry
                        0x1fff'8065  0x38  Code  Gb  flash_loader.o [1]
Fl2FlashInitEntry       0x1fff'8045  0x14  Code  Gb  flash_loader.o [1]
Fl2FlashSignoffEntry    0x1fff'80b9   0xc  Code  Gb  flash_loader.o [1]
Fl2FlashWriteEntry      0x1fff'8059   0xc  Code  Gb  flash_loader.o [1]
FlashBreak              0x1fff'8123   0x2  Code  Gb  flash_loader.o [1]
FlashBufferEnd          0x1fff'fee4        Data  Gb  flash_loader_asm.o [1]
FlashBufferStart        0x1fff'8500        Data  Gb  flash_loader_asm.o [1]
FlashChecksum           0x1fff'81f7   0x4  Code  Gb  FlashVA416X0_EBI_FRAM.o [1]
FlashChecksumEntry      0x1fff'83dd        Code  Gb  flash_loader_asm.o [1]
FlashErase              0x1fff'81dd  0x1a  Code  Gb  FlashVA416X0_EBI_FRAM.o [1]
FlashEraseWriteEntry    0x1fff'83d5        Code  Gb  flash_loader_asm.o [1]
FlashInit               0x1fff'8131  0x9a  Code  Gb  FlashVA416X0_EBI_FRAM.o [1]
FlashInitEntry          0x1fff'83c5        Code  Gb  flash_loader_asm.o [1]
FlashSignoff            0x1fff'81fb  0x66  Code  Gb  FlashVA416X0_EBI_FRAM.o [1]
FlashSignoffEntry       0x1fff'83e5        Code  Gb  flash_loader_asm.o [1]
FlashWrite              0x1fff'81cb  0x12  Code  Gb  FlashVA416X0_EBI_FRAM.o [1]
FlashWriteEntry         0x1fff'83cd        Code  Gb  flash_loader_asm.o [1]
READ_MEM                0x1fff'8021        Code  Wk  FlashVA416X0.o [1]
RamBottom$$Base         0x1fff'fee4         --   Gb  - Linker created -
RamBottom$$Limit        0x2000'0000         --   Gb  - Linker created -
RamTop$$Base            0x1fff'8000         --   Gb  - Linker created -
RamTop$$Limit           0x1fff'8500         --   Gb  - Linker created -
VOR_GPIOC_PinMux        0x1fff'8261   0x8  Code  Lc  FlashVA416X0_EBI_FRAM.o [1]
VOR_GPIOD_PinMux        0x1fff'8269   0x6  Code  Lc  FlashVA416X0_EBI_FRAM.o [1]
VOR_GPIOE_PinMux        0x1fff'828b   0x8  Code  Lc  FlashVA416X0_EBI_FRAM.o [1]
VOR_GPIOF_PinMux        0x1fff'8293   0x8  Code  Lc  FlashVA416X0_EBI_FRAM.o [1]
WRITE_MEM               0x1fff'8001        Code  Wk  FlashVA416X0.o [1]
__HardFault_Handler     0x1fff'8125   0xc  Code  Gb  FlashVA416X0_EBI_FRAM.o [1]
__aeabi_memset          0x1fff'835d        Code  Gb  ABImemset.o [3]
__iar_Memset            0x1fff'835d        Code  Gb  ABImemset.o [3]
__iar_Memset_word       0x1fff'8365        Code  Gb  ABImemset.o [3]
__iar_init_vfp          0x1fff'83f9        Code  Gb  fpinit_M.o [2]
__vector_table          0x1fff'8024        Data  Gb  flash_loader_asm.o [1]
__vector_table_vorago           0x0        Data  Gb  FlashVA416X0.o [1]
chip_erase              0x1fff'fefc   0x4  Data  Gb  FlashVA416X0_EBI_FRAM.o [1]
frameworkVersion        0x1fff'83c2   0x2  Data  Gb  flash_loader.o [1]
hardfault               0x1fff'fef8   0x4  Data  Gb  FlashVA416X0_EBI_FRAM.o [1]
memset                  0x1fff'8349  0x14  Code  Gb  memset.o [3]
theFlashParams          0x1fff'fee4  0x14  Data  Gb  flash_loader.o [1]


[1] = C:\Users\modwe\Documents\vorago\iar_stuff\FlashVA416X0_EBI_FRAM\FlashVA416X0_EBI_FRAM\Obj
[2] = m7M_tls.a
[3] = rt7M_tl.a

  1'112 bytes of readonly  code memory
      2 bytes of readonly  data memory
    514 bytes of readwrite data memory

Errors: none
Warnings: none
