Component: ARM Compiler 5.06 update 6 (build 750) Tool: armlink [4d35ed]

==============================================================================

Image Symbol Table

    Local Symbols

    Symbol Name                              Value     Ov Type        Size  Object(Section)

    .rev16_text                              0x00000000   Section        4  flash_prg.o(.rev16_text)
    $v0                                      0x00000000   Number         0  flash_prg.o(.rev16_text)
    flash_dev.c                              0x00000000   Number         0  flash_dev.o ABSOLUTE
    flash_prg.c                              0x00000000   Number         0  flash_prg.o ABSOLUTE
    flash_prg.c                              0x00000000   Number         0  flash_prg.o ABSOLUTE
    .revsh_text                              0x00000004   Section        4  flash_prg.o(.revsh_text)
    $v0                                      0x00000004   Number         0  flash_prg.o(.revsh_text)
    .rrx_text                                0x00000008   Section        6  flash_prg.o(.rrx_text)
    $v0                                      0x00000008   Number         0  flash_prg.o(.rrx_text)
    .text                                    0x00000010   Section        0  flash_prg.o(.text)
    .constdata                               0x00000138   Section     4256  flash_dev.o(.constdata)

    Global Symbols

    Symbol Name                              Value     Ov Type        Size  Object(Section)

    BuildAttributes$$THM_ISAv4$E$P$D$K$B$S$7EM$VFPi3$EXTD16$VFPS$VFMA$PE$A:L22UL41UL21$X:L11$S22US41US21$IEEE1$IW$RWPI$~STKCKD$USESV7$~SHL$OSPACE$ROPI$EBA8$STANDARDLIB$REQ8$PRES8$EABIv2 0x00000000   Number         0  anon$$obj.o ABSOLUTE
    __asm___11_flash_prg_c_1b507723____REV16 0x00000001   Thumb Code     4  flash_prg.o(.rev16_text)
    __asm___11_flash_prg_c_1b507723____REVSH 0x00000005   Thumb Code     4  flash_prg.o(.revsh_text)
    __asm___11_flash_prg_c_1b507723____RRX   0x00000009   Thumb Code     6  flash_prg.o(.rrx_text)
    VOR_GPIOC_PinMux                         0x00000011   Thumb Code    22  flash_prg.o(.text)
    VOR_GPIOD_PinMux                         0x00000027   Thumb Code    22  flash_prg.o(.text)
    VOR_GPIOE_PinMux                         0x0000003d   Thumb Code    24  flash_prg.o(.text)
    VOR_GPIOF_PinMux                         0x00000055   Thumb Code    24  flash_prg.o(.text)
    initEBI_funsel                           0x0000006d   Thumb Code   100  flash_prg.o(.text)
    Init                                     0x000000d1   Thumb Code    30  flash_prg.o(.text)
    UnInit                                   0x000000ef   Thumb Code     4  flash_prg.o(.text)
    EraseChip                                0x000000f3   Thumb Code     4  flash_prg.o(.text)
    EraseSector                              0x000000f7   Thumb Code     4  flash_prg.o(.text)
    ProgramPage                              0x000000fb   Thumb Code    36  flash_prg.o(.text)
    BlankCheck                               0x0000011f   Thumb Code     4  flash_prg.o(.text)
    Verify                                   0x00000123   Thumb Code     4  flash_prg.o(.text)
    FlashDevice                              0x00000138   Data        4256  flash_dev.o(.constdata)



==============================================================================

Memory Map of the image

  Image entry point : Not specified.

  Load Region PRG (Base: 0x00000000, Size: 0x00000138, Max: 0xffffffff, PI)

    Execution Region PrgCode (Exec base: 0x00000000, Load base: 0x00000000, Size: 0x00000134, Max: 0xffffffff, PI)

    Exec Addr    Load Addr    Size         Type   Attr      Idx    E Section Name        Object

    0x00000000   0x00000000   0x00000004   Code   RO            1    .rev16_text         flash_prg.o
    0x00000004   0x00000004   0x00000004   Code   RO            2    .revsh_text         flash_prg.o
    0x00000008   0x00000008   0x00000006   Code   RO            3    .rrx_text           flash_prg.o
    0x0000000e   0x0000000e   0x00000002   PAD
    0x00000010   0x00000010   0x00000124   Code   RO            4    .text               flash_prg.o


    Execution Region PrgData (Exec base: 0x00000134, Load base: 0x00000134, Size: 0x00000004, Max: 0xffffffff, PI)

    Exec Addr    Load Addr    Size         Type   Attr      Idx    E Section Name        Object

    0x00000134   0x00000134   0x00000004   Data   RW           68    PDT$$ptr            anon$$obj.o



  Load Region DSCR (Base: 0x00000138, Size: 0x000010a0, Max: 0xffffffff, PI)

    Execution Region DevDscr (Exec base: 0x00000138, Load base: 0x00000138, Size: 0x000010a0, Max: 0xffffffff, PI)

    Exec Addr    Load Addr    Size         Type   Attr      Idx    E Section Name        Object

    0x00000138   0x00000138   0x000010a0   Data   RO           56    .constdata          flash_dev.o


==============================================================================

Image component sizes


      Code (inc. data)   RO Data    RW Data    ZI Data      Debug   Object Name

         0          0       4256          0          0       1250   flash_dev.o
       306         14          0          0          0       9243   flash_prg.o

    ----------------------------------------------------------------------
       308         14       4256          4          0      10493   Object Totals
         0          0          0          4          0          0   (incl. Generated)
         2          0          0          0          0          0   (incl. Padding)

    ----------------------------------------------------------------------
         0          0          0          0          0          0   Library Totals
         0          0          0          0          0          0   (incl. Padding)

    ----------------------------------------------------------------------

==============================================================================


      Code (inc. data)   RO Data    RW Data    ZI Data      Debug   

       308         14       4256          4          0      10301   Grand Totals
       308         14       4256          4          0      10301   ELF Image Totals
       308         14       4256          4          0          0   ROM Totals

==============================================================================

    Total RO  Size (Code + RO Data)                 4564 (   4.46kB)
    Total RW  Size (RW Data + ZI Data)                 4 (   0.00kB)
    Total ROM Size (Code + RO Data + RW Data)       4568 (   4.46kB)

==============================================================================

