Component: Arm Compiler for Embedded 6.18 Tool: armlink [5e4cc100]

==============================================================================

Removing Unused exception sections from the image.

    Removing flash_prg.o(.ARM.exidx), (72 bytes).

1 unused section(s) (total 72 bytes) removed from the image.

==============================================================================

Image Symbol Table

    Local Symbols

    Symbol Name                              Value     Ov Type        Size  Object(Section)

    flash_dev.c                              0x00000000   Number         0  flash_dev.o ABSOLUTE
    flash_prg.c                              0x00000000   Number         0  flash_prg.o ABSOLUTE
    [Anonymous Symbol]                       0x00000000   Section        0  flash_prg.o(.text)

    Global Symbols

    Symbol Name                              Value     Ov Type        Size  Object(Section)

    BuildAttributes$$THM_ISAv4$E$P$D$K$B$S$7EM$VFPi3$EXTD16$VFPS$VFMA$PE$A:L22UL41UL21$X:L11$S22US41US21$IEEE1$IW$RWPI$~STKCKD$USESV7$~SHL$OTIME$ROPI$STANDARDLIB$REQ8$PRES8$EABIv2 0x00000000   Number         0  anon$$obj.o ABSOLUTE
    wait_idle                                0x00000001   Thumb Code    68  flash_prg.o(.text)
    wait_WIP                                 0x00000045   Thumb Code     2  flash_prg.o(.text)
    Init                                     0x00000049   Thumb Code   354  flash_prg.o(.text)
    UnInit                                   0x000001ad   Thumb Code   206  flash_prg.o(.text)
    EraseChip                                0x0000027d   Thumb Code   396  flash_prg.o(.text)
    EraseSector                              0x00000409   Thumb Code     4  flash_prg.o(.text)
    ProgramPage                              0x0000040d   Thumb Code   842  flash_prg.o(.text)
    BlankCheck                               0x00000759   Thumb Code     4  flash_prg.o(.text)
    Verify                                   0x0000075d   Thumb Code   378  flash_prg.o(.text)
    FlashDevice                              0x000008dc   Data        4256  flash_dev.o(.rodata.FlashDevice)



==============================================================================

Memory Map of the image

  Image entry point : Not specified.

  Load Region PRG (Base: 0x00000000, Size: 0x000008dc, Max: 0xffffffff, PI)

    Execution Region PrgCode (Exec base: 0x00000000, Load base: 0x00000000, Size: 0x000008d8, Max: 0xffffffff, PI)

    Exec Addr    Load Addr    Size         Type   Attr      Idx    E Section Name        Object

    0x00000000   0x00000000   0x000008d6   Code   RO            1    .text               flash_prg.o


    Execution Region PrgData (Exec base: 0x000008d8, Load base: 0x000008d8, Size: 0x00000004, Max: 0xffffffff, PI)

    Exec Addr    Load Addr    Size         Type   Attr      Idx    E Section Name        Object

    0x000008d8   0x000008d8   0x00000004   Data   RW           17    PDT$$ptr            anon$$obj.o



  Load Region DSCR (Base: 0x000008dc, Size: 0x000010a0, Max: 0xffffffff, PI)

    Execution Region DevDscr (Exec base: 0x000008dc, Load base: 0x000008dc, Size: 0x000010a0, Max: 0xffffffff, PI)

    Exec Addr    Load Addr    Size         Type   Attr      Idx    E Section Name        Object

    0x000008dc   0x000008dc   0x00000000   Code   RO           10    .text               flash_dev.o
    0x000008dc   0x000008dc   0x000010a0   Data   RO           11    .rodata.FlashDevice  flash_dev.o


==============================================================================

Image component sizes


      Code (inc. data)   RO Data    RW Data    ZI Data      Debug   Object Name

         0          0       4256          0          0        802   flash_dev.o
      2262          0          0          0          0       8699   flash_prg.o

    ----------------------------------------------------------------------
      2264          0       4256          4          0       9501   Object Totals
         0          0          0          4          0          0   (incl. Generated)
         2          0          0          0          0          0   (incl. Padding)

    ----------------------------------------------------------------------
         0          0          0          0          0          0   Library Totals
         0          0          0          0          0          0   (incl. Padding)

    ----------------------------------------------------------------------

==============================================================================


      Code (inc. data)   RO Data    RW Data    ZI Data      Debug   

      2264          0       4256          4          0       9501   Grand Totals
      2264          0       4256          4          0       9501   ELF Image Totals
      2264          0       4256          4          0          0   ROM Totals

==============================================================================

    Total RO  Size (Code + RO Data)                 6520 (   6.37kB)
    Total RW  Size (RW Data + ZI Data)                 4 (   0.00kB)
    Total ROM Size (Code + RO Data + RW Data)       6524 (   6.37kB)

==============================================================================

